================================================================================
 Gamboa optimized 単発モデル（プレナム込み）  Re = 500.0, cpm = 32
================================================================================
  領域 577 x 527 セル = 18.00 x 16.44 w_v, 流体率 34.6 %
  [rev] 577 x 527, 流体 105361 セル, 入口 320 / 出口 320 セル, U_in = 0.00500, nu = 0.00640, tau_p = 0.5192
    it=  20000 res=3.80e+00 mdot in/out=1.62451e+00/1.59082e+00 dp=5.132132e-03
    it=  40000 res=8.85e+00 mdot in/out=1.62942e+00/1.67921e+00 dp=6.114652e-03
    it=  60000 res=1.96e-01 mdot in/out=1.62570e+00/1.44006e+00 dp=5.335238e-03
    it=  80000 res=1.30e+01 mdot in/out=1.63169e+00/1.73521e+00 dp=6.489722e-03
    it= 100000 res=2.36e+01 mdot in/out=1.62654e+00/1.64764e+00 dp=4.956214e-03
    it= 120000 res=5.69e+00 mdot in/out=1.62898e+00/1.61657e+00 dp=6.079205e-03
    it= 140000 res=1.66e+01 mdot in/out=1.63403e+00/1.62467e+00 dp=7.050844e-03
C:\Users\n_dai\OneDrive\ドキュメント\GitHub\syuron\handover\scripts\..\src\lbm.py:448: RuntimeWarning: overflow encountered in square
  usq = ux ** 2 + uy ** 2
C:\Users\n_dai\OneDrive\ドキュメント\GitHub\syuron\handover\scripts\..\src\lbm.py:452: RuntimeWarning: overflow encountered in multiply
  feq[k] = WT[k] * rho * (1 + cu / CS2 + cu ** 2 / (2 * CS2 ** 2)
C:\Users\n_dai\OneDrive\ドキュメント\GitHub\syuron\handover\scripts\..\src\lbm.py:452: RuntimeWarning: overflow encountered in square
  feq[k] = WT[k] * rho * (1 + cu / CS2 + cu ** 2 / (2 * CS2 ** 2)
C:\Users\n_dai\OneDrive\ドキュメント\GitHub\syuron\handover\scripts\..\src\lbm.py:452: RuntimeWarning: invalid value encountered in subtract
  feq[k] = WT[k] * rho * (1 + cu / CS2 + cu ** 2 / (2 * CS2 ** 2)
C:\Users\n_dai\OneDrive\ドキュメント\GitHub\syuron\handover\scripts\..\src\lbm.py:455: RuntimeWarning: invalid value encountered in subtract
  ep = 0.5 * (feq + feq[OPP]); em = 0.5 * (feq - feq[OPP])
Traceback (most recent call last):
  File "C:\Users\n_dai\OneDrive\ドキュメント\GitHub\syuron\handover\scripts\17_run_gamboa_full.py", line 204, in <module>
    main()
    ~~~~^^
  File "C:\Users\n_dai\OneDrive\ドキュメント\GitHub\syuron\handover\scripts\17_run_gamboa_full.py", line 121, in main
    r, ux, uy, p, rho = solve_one(m, a.Re, a.U, a.cpm, lab, a.iters,
                        ~~~~~~~~~^^^^^^^^^^^^^^^^^^^^^^^^^^^^^^^^^^^
                                  a.tol, ckpt=ck, w_mm=w_mm,
                                  ^^^^^^^^^^^^^^^^^^^^^^^^^^
                                  dp_tol=a.dp_tol, dp_window=a.dp_window)
                                  ^^^^^^^^^^^^^^^^^^^^^^^^^^^^^^^^^^^^^^^
  File "C:\Users\n_dai\OneDrive\ドキュメント\GitHub\syuron\handover\scripts\17_run_gamboa_full.py", line 55, in solve_one
    ux, uy, p, rho, f, info = lbm.solve_flow_io(
                              ~~~~~~~~~~~~~~~~~^
        mask, nu, U_in, iters=iters, tol=tol, report=rep, ckpt=ckpt,
        ^^^^^^^^^^^^^^^^^^^^^^^^^^^^^^^^^^^^^^^^^^^^^^^^^^^^^^^^^^^^
        dp_tol=dp_tol, dp_window=dp_window)
        ^^^^^^^^^^^^^^^^^^^^^^^^^^^^^^^^^^^
  File "C:\Users\n_dai\OneDrive\ドキュメント\GitHub\syuron\handover\scripts\..\src\lbm.py", line 419, in solve_flow_io
    raise FloatingPointError(f"diverged at it={it}")
FloatingPointError: diverged at it=143000
